C51 COMPILER V9.54   MAIN                                                                  07/27/2015 09:05:56 PAGE 1   


C51 COMPILER V9.54, COMPILATION OF MODULE MAIN
OBJECT MODULE PLACED IN .\Objects\main.obj
COMPILER INVOKED BY: C:\Keil_v5\C51\BIN\C51.EXE main.c OPTIMIZE(8,SPEED) BROWSE DEBUG OBJECTEXTEND PRINT(.\Listings\main
                    -.lst) OBJECT(.\Objects\main.obj)

line level    source

   1          /**************************************
   2            > File Name: 红外通信原理
   3            > Author: pengshp
   4            > Mail: pengshp3@outlook.com
   5            > Date: 2015年 7 月 27 日
   6          ***************************************/
   7          #include<reg51.h>
   8          #define GPIO_DIG P0
   9          
  10          sbit LSA  = P2^2;
  11          sbit LSB  = P2^3;
  12          sbit LSC  = P2^4;
  13          sbit IRIN = P3^2;                           //红外接收器位声明
  14          
  15          unsigned char code DIG_CODE[17]={0x3f,0x06,0x5b,0x4f,0x66,0x6d,0x7d,0x07,
  16                                                                   0x7f,0x6f,0x77,0x7c,0x39,0x5e,0x79,0x71};
  17          unsigned char DisplayData[8];               //用来存放要显示的8位数的值
  18          unsigned char IrValue[6];                       //用来存放读取到的红外值
  19          unsigned char Time;
  20          
  21          void DigDisplay();                          //动态显示函数
  22          void IrInit();
  23          void DelayMs(unsigned int);
  24          
  25          void main()
  26          {
  27   1              IrInit();
  28   1              while(1)
  29   1              {
  30   2                      IrValue[4]=IrValue[2]>>4;                       //高位
  31   2                      IrValue[5]=IrValue[2]&0x0f;                 //低位
  32   2                      DisplayData[0] = 0x00;
  33   2                      DisplayData[1] = DIG_CODE[IrValue[4]];
  34   2                      DisplayData[2] = DIG_CODE[IrValue[5]];
  35   2                      DisplayData[3] = 0x76;    
  36   2                      DisplayData[4] = 0x00;
  37   2                      DisplayData[5] = DIG_CODE[IrValue[4]];
  38   2                      DisplayData[6] = DIG_CODE[IrValue[5]];
  39   2                      DisplayData[7] = 0x76;
  40   2                      DigDisplay();   
  41   2              }
  42   1      }
  43          
  44          void DelayMs(unsigned int x)                 //0.14ms误差 0us
  45          {
  46   1              unsigned char i;
  47   1              while(x--)
  48   1              {
  49   2                      for (i = 0; i<13; i++);
  50   2              }
  51   1      }
  52          
  53          void IrInit()
  54          {
C51 COMPILER V9.54   MAIN                                                                  07/27/2015 09:05:56 PAGE 2   

  55   1              IT0=1;                                   //下降沿触发
  56   1              EX0=1;                                   //打开中断0允许
  57   1              EA=1;                                    //打开总中断
  58   1              IRIN=1;                                  //初始化端口
  59   1      }
  60          
  61          void ReadIr() interrupt 0
  62          {
  63   1              unsigned char j,k;
  64   1              unsigned int err;
  65   1              Time=0;                                  
  66   1              DelayMs(70);
  67   1              if(IRIN==0)                                      //确认是否真的接收到正确的信号
  68   1              {        
  69   2                      err=1000;                                            //1000*10us=10ms,超过说明接收到错误的信号
  70   2                      while((IRIN==0)&&(err>0))                //等待前面9ms的低电平过去              
  71   2                      {                       
  72   3                              DelayMs(1);
  73   3                              err--;
  74   3                      } 
  75   2                      if(IRIN==1)                                      //如果正确等到9ms低电平
  76   2                      {
  77   3                              err=500;
  78   3                              while((IRIN==1)&&(err>0))                //等待4.5ms的起始高电平过去
  79   3                              {
  80   4                                      DelayMs(1);
  81   4                                      err--;
  82   4                              }
  83   3                              for(k=0;k<4;k++)                         //共有4组数据
  84   3                              {                               
  85   4                                      for(j=0;j<8;j++)                 //接收一组数据
  86   4                                      {
  87   5                                              err=60;         
  88   5                                              while((IRIN==0)&&(err>0))//等待信号前面的560us低电平过去
  89   5                                              {
  90   6                                                      DelayMs(1);
  91   6                                                      err--;
  92   6                                              }
  93   5                                              err=500;
  94   5                                              while((IRIN==1)&&(err>0))//计算高电平的时间长度。
  95   5                                              {
  96   6                                                      DelayMs(1);          //0.14ms
  97   6                                                      Time++;
  98   6                                                      err--;
  99   6                                                      if(Time>30)
 100   6                                                      {
 101   7                                                              EX0=1;
 102   7                                                              return;
 103   7                                                      }
 104   6                                              }
 105   5                                              IrValue[k]>>=1;          //k表示第几组数据
 106   5                                              if(Time>=8)                          //如果高电平出现大于565us，那么是1
 107   5                                              {
 108   6                                                      IrValue[k]|=0x80;
 109   6                                              }
 110   5                                              Time=0;                      //用完时间要重新赋值                                                       
 111   5                                      }
 112   4                              }
 113   3                      }
 114   2                      if(IrValue[2]!=~IrValue[3])
 115   2                      {
 116   3                              return;
C51 COMPILER V9.54   MAIN                                                                  07/27/2015 09:05:56 PAGE 3   

 117   3                      }
 118   2              }                       
 119   1      }
 120          
 121          void DigDisplay()
 122          {
 123   1              unsigned char i;
 124   1              unsigned int j;
 125   1              for(i=0;i<8;i++)
 126   1              {
 127   2                      switch(i)                               //位选，选择点亮的数码管，
 128   2                      {
 129   3                              case(0):
 130   3                                      LSA=0;LSB=0;LSC=0; break;   //显示第0位
 131   3                              case(1):
 132   3                                      LSA=1;LSB=0;LSC=0; break;   //显示第1位
 133   3                              case(2):
 134   3                                      LSA=0;LSB=1;LSC=0; break;   //显示第2位
 135   3                              case(3):
 136   3                                      LSA=1;LSB=1;LSC=0; break;   //显示第3位
 137   3                              case(4):
 138   3                                      LSA=0;LSB=0;LSC=1; break;   //显示第4位
 139   3                              case(5):
 140   3                                      LSA=1;LSB=0;LSC=1; break;   //显示第5位
 141   3                              case(6):
 142   3                                      LSA=0;LSB=1;LSC=1; break;   //显示第6位
 143   3                              case(7):
 144   3                                      LSA=1;LSB=1;LSC=1; break;   //显示第7位 
 145   3                      }
 146   2                      GPIO_DIG=DisplayData[i];            //发送段码
 147   2                      j=10;                                                   //扫描间隔时间设定
 148   2                      while(j--);     
 149   2                      GPIO_DIG=0x00;                      //消隐
 150   2              }
 151   1      }


MODULE INFORMATION:   STATIC OVERLAYABLE
   CODE SIZE        =    450    ----
   CONSTANT SIZE    =     17    ----
   XDATA SIZE       =   ----    ----
   PDATA SIZE       =   ----    ----
   DATA SIZE        =     15       1
   IDATA SIZE       =   ----    ----
   BIT SIZE         =   ----    ----
END OF MODULE INFORMATION.


C51 COMPILATION COMPLETE.  0 WARNING(S),  0 ERROR(S)
