C51 COMPILER V9.55   MAIN                                                                  03/26/2016 23:05:11 PAGE 1   


C51 COMPILER V9.55, COMPILATION OF MODULE MAIN
OBJECT MODULE PLACED IN .\Objects\main.obj
COMPILER INVOKED BY: C:\Keil_v5\C51\BIN\C51.EXE main.c OPTIMIZE(8,SPEED) BROWSE DEBUG OBJECTEXTEND PRINT(.\Listings\main
                    -.lst) OBJECT(.\Objects\main.obj)

line level    source

   1          /**************************************
   2            > File Name: 
   3            > Author: pengshp
   4            > Mail: pengshp3@outlook.com
   5            > Date: 2016 年  月  日
   6          ***************************************/
   7          #include<reg51.h>
   8          
   9          #define uchar unsigned char
  10          #define uint unsigned int
  11          
  12          uchar code TAB1[]="I love you 普中科技 51-MCU\n";
  13          void init_UART()
  14          {
  15   1              SCON=0x50;
  16   1              TMOD=0x20;
  17   1              PCON=0x80; //波特率加倍
  18   1              TH1=0xF4;  //波特率4800
  19   1              TL1=TH1;
  20   1              //EA=1;
  21   1              //ES=1;
  22   1              TR1=1;
  23   1      }
  24          
  25          void SendOneByte(uchar c)
  26          {
  27   1              SBUF=c;
  28   1              while(!TI);//等待数据发送完
  29   1              TI=0;
  30   1      }
  31          
  32          void SendStr(uchar *pStr)
  33          {
  34   1              while(*pStr)
  35   1              {
  36   2                      SendOneByte(*pStr++);
  37   2              }
  38   1      }
  39          int main()
  40          {
  41   1              uchar a='a';
  42   1              init_UART();
  43   1              //SendOneByte(a);
  44   1              SendStr(TAB1);
  45   1              while(1);
  46   1              return 0;
  47   1      }
  48          
  49          //void UARTInterrupt() interrupt 4
  50          //{
  51          //      if(RI)
  52          //      {
  53          //              RI=0;
  54          //              
C51 COMPILER V9.55   MAIN                                                                  03/26/2016 23:05:11 PAGE 2   

  55          //      }
  56          //      else
  57          //              TI=0;
  58          //}
*** WARNING C294 IN LINE 46 OF main.c: unreachable code


MODULE INFORMATION:   STATIC OVERLAYABLE
   CODE SIZE        =     80    ----
   CONSTANT SIZE    =     28    ----
   XDATA SIZE       =   ----    ----
   PDATA SIZE       =   ----    ----
   DATA SIZE        =   ----       4
   IDATA SIZE       =   ----    ----
   BIT SIZE         =   ----    ----
END OF MODULE INFORMATION.


C51 COMPILATION COMPLETE.  1 WARNING(S),  0 ERROR(S)
